[dotenv@17.3.1] injecting env (5) from .env.local -- tip: ≡ƒ¢á∩╕Å  run anywhere with `dotenvx run -- yourcommand`
Testing Model Names...

Testing: meta-llama/llama-4-scout-17b-16e-instruct
Γ¥î FAILED: meta-llama/llama-4-scout-17b-16e-instruct
Error: failed to retrieve media: received status code: 403

Testing: llama-4-scout-17b-16e-instruct
Γ¥î FAILED: llama-4-scout-17b-16e-instruct
Error: The model `llama-4-scout-17b-16e-instruct` does not exist or you do not have access to it.

Testing: meta-llama/llama-4-maverick-17b-128e-instruct
Γ¥î FAILED: meta-llama/llama-4-maverick-17b-128e-instruct
Error: failed to retrieve media: received status code: 403

Testing: llama-4-maverick-17b-128e-instruct
Γ¥î FAILED: llama-4-maverick-17b-128e-instruct
Error: The model `llama-4-maverick-17b-128e-instruct` does not exist or you do not have access to it.

Testing: llama-3.2-90b-vision-preview
Γ¥î FAILED: llama-3.2-90b-vision-preview
Error: The model `llama-3.2-90b-vision-preview` has been decommissioned and is no longer supported. Please refer to https://console.groq.com/docs/deprecations for a recommendation on which model to use instead.
